// Jest Snapshot v1, https://goo.gl/fbAQLP

exports[`<Foldable /> should display one catalog if content is empty and two if not: No content 1`] = `
<div>
  <div>
    <div
      class="oak-drop-zone oak-before"
    />
    <div
      class="oak-foldable-content"
    >
      <div
        class="oak-foldable-section"
      >
        <div
          class="oak-foldable-section-title"
        >
          Label when collapsed
        </div>
        <div
          class="oak-foldable-section-content"
        >
          <div
            class="oak-foldable-section-content-empty"
          >
            <div
              class="oak-catalogue"
            >
              <a
                class="oak-handle"
                draggable="false"
              >
                <span
                  class="oak-handle-inner"
                >
                  <i
                    class="oak-icons"
                  >
                    add
                  </i>
                </span>
              </a>
            </div>
          </div>
        </div>
      </div>
      <div
        class="oak-foldable-section"
      >
        <div
          class="oak-foldable-section-title"
        >
          Label when expanded
        </div>
        <div
          class="oak-foldable-section-content"
        >
          <div
            class="oak-foldable-section-content-empty"
          >
            <div
              class="oak-catalogue"
            >
              <a
                class="oak-handle"
                draggable="false"
              >
                <span
                  class="oak-handle-inner"
                >
                  <i
                    class="oak-icons"
                  >
                    add
                  </i>
                </span>
              </a>
            </div>
          </div>
        </div>
      </div>
      <div
        class="oak-foldable-section"
      >
        <div
          class="oak-foldable-section-title"
        >
          Content
        </div>
        <div
          class="oak-foldable-section-content"
        >
          <div
            class="oak-foldable-section-content-empty"
          >
            <div
              class="oak-catalogue"
            >
              <a
                class="oak-handle"
                draggable="false"
              >
                <span
                  class="oak-handle-inner"
                >
                  <i
                    class="oak-icons"
                  >
                    add
                  </i>
                </span>
              </a>
            </div>
          </div>
        </div>
      </div>
    </div>
    <div
      class="oak-drop-zone oak-after"
    />
  </div>
</div>
`;

exports[`<Foldable /> should display one catalog if content is empty and two if not: With content 1`] = `
<div>
  <div>
    <div
      class="oak-drop-zone oak-before"
    />
    <div
      class="oak-foldable-content"
    >
      <div
        class="oak-foldable-section"
      >
        <div
          class="oak-foldable-section-title"
        >
          Label when collapsed
        </div>
        <div
          class="oak-foldable-section-content"
        >
          <div
            class="oak-catalogue"
          >
            <a
              class="oak-handle"
              draggable="false"
            >
              <span
                class="oak-handle-inner"
              >
                <i
                  class="oak-icons"
                >
                  add
                </i>
              </span>
            </a>
          </div>
          <div
            class="oak-element oak-row"
            draggable="false"
            id="2"
          >
            <div
              class="oak-inner"
            >
              <pre
                class="oak-unknown oak-element-content-inner"
              >
                {"type":"row","cols":[],"id":2}
              </pre>
            </div>
            <div
              class="oak-options"
            >
              <a
                class="oak-option oak-remove"
                draggable="false"
                href="#"
              >
                <i
                  class="oak-icons"
                >
                  clear
                </i>
              </a>
              <a
                class="oak-option oak-duplicate"
                draggable="false"
                href="#"
              >
                <i
                  class="oak-icons"
                >
                  content_copy
                </i>
              </a>
              <a
                class="oak-option oak-copy"
                draggable="false"
                href="#"
              >
                <i
                  class="oak-icons"
                >
                  content_paste
                </i>
              </a>
            </div>
          </div>
          <div
            class="oak-catalogue"
          >
            <a
              class="oak-handle"
              draggable="false"
            >
              <span
                class="oak-handle-inner"
              >
                <i
                  class="oak-icons"
                >
                  add
                </i>
              </span>
            </a>
          </div>
        </div>
      </div>
      <div
        class="oak-foldable-section"
      >
        <div
          class="oak-foldable-section-title"
        >
          Label when expanded
        </div>
        <div
          class="oak-foldable-section-content"
        >
          <div
            class="oak-catalogue"
          >
            <a
              class="oak-handle"
              draggable="false"
            >
              <span
                class="oak-handle-inner"
              >
                <i
                  class="oak-icons"
                >
                  add
                </i>
              </span>
            </a>
          </div>
          <div
            class="oak-element oak-row"
            draggable="false"
            id="3"
          >
            <div
              class="oak-inner"
            >
              <pre
                class="oak-unknown oak-element-content-inner"
              >
                {"type":"row","cols":[],"id":3}
              </pre>
            </div>
            <div
              class="oak-options"
            >
              <a
                class="oak-option oak-remove"
                draggable="false"
                href="#"
              >
                <i
                  class="oak-icons"
                >
                  clear
                </i>
              </a>
              <a
                class="oak-option oak-duplicate"
                draggable="false"
                href="#"
              >
                <i
                  class="oak-icons"
                >
                  content_copy
                </i>
              </a>
              <a
                class="oak-option oak-copy"
                draggable="false"
                href="#"
              >
                <i
                  class="oak-icons"
                >
                  content_paste
                </i>
              </a>
            </div>
          </div>
          <div
            class="oak-catalogue"
          >
            <a
              class="oak-handle"
              draggable="false"
            >
              <span
                class="oak-handle-inner"
              >
                <i
                  class="oak-icons"
                >
                  add
                </i>
              </span>
            </a>
          </div>
        </div>
      </div>
      <div
        class="oak-foldable-section"
      >
        <div
          class="oak-foldable-section-title"
        >
          Content
        </div>
        <div
          class="oak-foldable-section-content"
        >
          <div
            class="oak-catalogue"
          >
            <a
              class="oak-handle"
              draggable="false"
            >
              <span
                class="oak-handle-inner"
              >
                <i
                  class="oak-icons"
                >
                  add
                </i>
              </span>
            </a>
          </div>
          <div
            class="oak-element oak-row"
            draggable="false"
            id="1"
          >
            <div
              class="oak-inner"
            >
              <pre
                class="oak-unknown oak-element-content-inner"
              >
                {"type":"row","cols":[],"id":1}
              </pre>
            </div>
            <div
              class="oak-options"
            >
              <a
                class="oak-option oak-remove"
                draggable="false"
                href="#"
              >
                <i
                  class="oak-icons"
                >
                  clear
                </i>
              </a>
              <a
                class="oak-option oak-duplicate"
                draggable="false"
                href="#"
              >
                <i
                  class="oak-icons"
                >
                  content_copy
                </i>
              </a>
              <a
                class="oak-option oak-copy"
                draggable="false"
                href="#"
              >
                <i
                  class="oak-icons"
                >
                  content_paste
                </i>
              </a>
            </div>
          </div>
          <div
            class="oak-catalogue"
          >
            <a
              class="oak-handle"
              draggable="false"
            >
              <span
                class="oak-handle-inner"
              >
                <i
                  class="oak-icons"
                >
                  add
                </i>
              </span>
            </a>
          </div>
        </div>
      </div>
    </div>
    <div
      class="oak-drop-zone oak-after"
    />
  </div>
</div>
`;

exports[`<Foldable /> should render 1`] = `
<div>
  <div>
    <div
      class="oak-drop-zone oak-before"
    />
    <div
      class="oak-foldable-content"
    >
      <div
        class="oak-foldable-section"
      >
        <div
          class="oak-foldable-section-title"
        >
          Label when collapsed
        </div>
        <div
          class="oak-foldable-section-content"
        >
          <div
            class="oak-foldable-section-content-empty"
          >
            <div
              class="oak-catalogue"
            >
              <a
                class="oak-handle"
                draggable="false"
              >
                <span
                  class="oak-handle-inner"
                >
                  <i
                    class="oak-icons"
                  >
                    add
                  </i>
                </span>
              </a>
            </div>
          </div>
        </div>
      </div>
      <div
        class="oak-foldable-section"
      >
        <div
          class="oak-foldable-section-title"
        >
          Label when expanded
        </div>
        <div
          class="oak-foldable-section-content"
        >
          <div
            class="oak-foldable-section-content-empty"
          >
            <div
              class="oak-catalogue"
            >
              <a
                class="oak-handle"
                draggable="false"
              >
                <span
                  class="oak-handle-inner"
                >
                  <i
                    class="oak-icons"
                  >
                    add
                  </i>
                </span>
              </a>
            </div>
          </div>
        </div>
      </div>
      <div
        class="oak-foldable-section"
      >
        <div
          class="oak-foldable-section-title"
        >
          Content
        </div>
        <div
          class="oak-foldable-section-content"
        >
          <div
            class="oak-foldable-section-content-empty"
          >
            <div
              class="oak-catalogue"
            >
              <a
                class="oak-handle"
                draggable="false"
              >
                <span
                  class="oak-handle-inner"
                >
                  <i
                    class="oak-icons"
                  >
                    add
                  </i>
                </span>
              </a>
            </div>
          </div>
        </div>
      </div>
    </div>
    <div
      class="oak-drop-zone oak-after"
    />
  </div>
</div>
`;

exports[`<Foldable /> should render as many content as given on each section: 2 rows 1`] = `
<div>
  <div>
    <div
      class="oak-drop-zone oak-before"
    />
    <div
      class="oak-foldable-content"
    >
      <div
        class="oak-foldable-section"
      >
        <div
          class="oak-foldable-section-title"
        >
          Label when collapsed
        </div>
        <div
          class="oak-foldable-section-content"
        >
          <div
            class="oak-catalogue"
          >
            <a
              class="oak-handle"
              draggable="false"
            >
              <span
                class="oak-handle-inner"
              >
                <i
                  class="oak-icons"
                >
                  add
                </i>
              </span>
            </a>
          </div>
          <div
            class="oak-element oak-row"
            draggable="false"
            id="1"
          >
            <div
              class="oak-inner"
            >
              <pre
                class="oak-unknown oak-element-content-inner"
              >
                {"type":"row","cols":[],"id":1}
              </pre>
            </div>
            <div
              class="oak-options"
            >
              <a
                class="oak-option oak-remove"
                draggable="false"
                href="#"
              >
                <i
                  class="oak-icons"
                >
                  clear
                </i>
              </a>
              <a
                class="oak-option oak-duplicate"
                draggable="false"
                href="#"
              >
                <i
                  class="oak-icons"
                >
                  content_copy
                </i>
              </a>
              <a
                class="oak-option oak-copy"
                draggable="false"
                href="#"
              >
                <i
                  class="oak-icons"
                >
                  content_paste
                </i>
              </a>
            </div>
          </div>
          <div
            class="oak-element oak-row"
            draggable="false"
            id="2"
          >
            <div
              class="oak-inner"
            >
              <pre
                class="oak-unknown oak-element-content-inner"
              >
                {"type":"row","cols":[],"id":2}
              </pre>
            </div>
            <div
              class="oak-options"
            >
              <a
                class="oak-option oak-remove"
                draggable="false"
                href="#"
              >
                <i
                  class="oak-icons"
                >
                  clear
                </i>
              </a>
              <a
                class="oak-option oak-duplicate"
                draggable="false"
                href="#"
              >
                <i
                  class="oak-icons"
                >
                  content_copy
                </i>
              </a>
              <a
                class="oak-option oak-copy"
                draggable="false"
                href="#"
              >
                <i
                  class="oak-icons"
                >
                  content_paste
                </i>
              </a>
            </div>
          </div>
          <div
            class="oak-catalogue"
          >
            <a
              class="oak-handle"
              draggable="false"
            >
              <span
                class="oak-handle-inner"
              >
                <i
                  class="oak-icons"
                >
                  add
                </i>
              </span>
            </a>
          </div>
        </div>
      </div>
      <div
        class="oak-foldable-section"
      >
        <div
          class="oak-foldable-section-title"
        >
          Label when expanded
        </div>
        <div
          class="oak-foldable-section-content"
        >
          <div
            class="oak-foldable-section-content-empty"
          >
            <div
              class="oak-catalogue"
            >
              <a
                class="oak-handle"
                draggable="false"
              >
                <span
                  class="oak-handle-inner"
                >
                  <i
                    class="oak-icons"
                  >
                    add
                  </i>
                </span>
              </a>
            </div>
          </div>
        </div>
      </div>
      <div
        class="oak-foldable-section"
      >
        <div
          class="oak-foldable-section-title"
        >
          Content
        </div>
        <div
          class="oak-foldable-section-content"
        >
          <div
            class="oak-foldable-section-content-empty"
          >
            <div
              class="oak-catalogue"
            >
              <a
                class="oak-handle"
                draggable="false"
              >
                <span
                  class="oak-handle-inner"
                >
                  <i
                    class="oak-icons"
                  >
                    add
                  </i>
                </span>
              </a>
            </div>
          </div>
        </div>
      </div>
    </div>
    <div
      class="oak-drop-zone oak-after"
    />
  </div>
</div>
`;

exports[`<Foldable /> should render as many content as given on each section: 3 rows 1`] = `
<div>
  <div>
    <div
      class="oak-drop-zone oak-before"
    />
    <div
      class="oak-foldable-content"
    >
      <div
        class="oak-foldable-section"
      >
        <div
          class="oak-foldable-section-title"
        >
          Label when collapsed
        </div>
        <div
          class="oak-foldable-section-content"
        >
          <div
            class="oak-foldable-section-content-empty"
          >
            <div
              class="oak-catalogue"
            >
              <a
                class="oak-handle"
                draggable="false"
              >
                <span
                  class="oak-handle-inner"
                >
                  <i
                    class="oak-icons"
                  >
                    add
                  </i>
                </span>
              </a>
            </div>
          </div>
        </div>
      </div>
      <div
        class="oak-foldable-section"
      >
        <div
          class="oak-foldable-section-title"
        >
          Label when expanded
        </div>
        <div
          class="oak-foldable-section-content"
        >
          <div
            class="oak-foldable-section-content-empty"
          >
            <div
              class="oak-catalogue"
            >
              <a
                class="oak-handle"
                draggable="false"
              >
                <span
                  class="oak-handle-inner"
                >
                  <i
                    class="oak-icons"
                  >
                    add
                  </i>
                </span>
              </a>
            </div>
          </div>
        </div>
      </div>
      <div
        class="oak-foldable-section"
      >
        <div
          class="oak-foldable-section-title"
        >
          Content
        </div>
        <div
          class="oak-foldable-section-content"
        >
          <div
            class="oak-catalogue"
          >
            <a
              class="oak-handle"
              draggable="false"
            >
              <span
                class="oak-handle-inner"
              >
                <i
                  class="oak-icons"
                >
                  add
                </i>
              </span>
            </a>
          </div>
          <div
            class="oak-element oak-row"
            draggable="false"
            id="1"
          >
            <div
              class="oak-inner"
            >
              <pre
                class="oak-unknown oak-element-content-inner"
              >
                {"type":"row","cols":[],"id":1}
              </pre>
            </div>
            <div
              class="oak-options"
            >
              <a
                class="oak-option oak-remove"
                draggable="false"
                href="#"
              >
                <i
                  class="oak-icons"
                >
                  clear
                </i>
              </a>
              <a
                class="oak-option oak-duplicate"
                draggable="false"
                href="#"
              >
                <i
                  class="oak-icons"
                >
                  content_copy
                </i>
              </a>
              <a
                class="oak-option oak-copy"
                draggable="false"
                href="#"
              >
                <i
                  class="oak-icons"
                >
                  content_paste
                </i>
              </a>
            </div>
          </div>
          <div
            class="oak-element oak-row"
            draggable="false"
            id="2"
          >
            <div
              class="oak-inner"
            >
              <pre
                class="oak-unknown oak-element-content-inner"
              >
                {"type":"row","cols":[],"id":2}
              </pre>
            </div>
            <div
              class="oak-options"
            >
              <a
                class="oak-option oak-remove"
                draggable="false"
                href="#"
              >
                <i
                  class="oak-icons"
                >
                  clear
                </i>
              </a>
              <a
                class="oak-option oak-duplicate"
                draggable="false"
                href="#"
              >
                <i
                  class="oak-icons"
                >
                  content_copy
                </i>
              </a>
              <a
                class="oak-option oak-copy"
                draggable="false"
                href="#"
              >
                <i
                  class="oak-icons"
                >
                  content_paste
                </i>
              </a>
            </div>
          </div>
          <div
            class="oak-element oak-row"
            draggable="false"
            id="3"
          >
            <div
              class="oak-inner"
            >
              <pre
                class="oak-unknown oak-element-content-inner"
              >
                {"type":"row","cols":[],"id":3}
              </pre>
            </div>
            <div
              class="oak-options"
            >
              <a
                class="oak-option oak-remove"
                draggable="false"
                href="#"
              >
                <i
                  class="oak-icons"
                >
                  clear
                </i>
              </a>
              <a
                class="oak-option oak-duplicate"
                draggable="false"
                href="#"
              >
                <i
                  class="oak-icons"
                >
                  content_copy
                </i>
              </a>
              <a
                class="oak-option oak-copy"
                draggable="false"
                href="#"
              >
                <i
                  class="oak-icons"
                >
                  content_paste
                </i>
              </a>
            </div>
          </div>
          <div
            class="oak-catalogue"
          >
            <a
              class="oak-handle"
              draggable="false"
            >
              <span
                class="oak-handle-inner"
              >
                <i
                  class="oak-icons"
                >
                  add
                </i>
              </span>
            </a>
          </div>
        </div>
      </div>
    </div>
    <div
      class="oak-drop-zone oak-after"
    />
  </div>
</div>
`;

exports[`<Foldable /> should render as many content as given on each section: 4 rows 1`] = `
<div>
  <div>
    <div
      class="oak-drop-zone oak-before"
    />
    <div
      class="oak-foldable-content"
    >
      <div
        class="oak-foldable-section"
      >
        <div
          class="oak-foldable-section-title"
        >
          Label when collapsed
        </div>
        <div
          class="oak-foldable-section-content"
        >
          <div
            class="oak-foldable-section-content-empty"
          >
            <div
              class="oak-catalogue"
            >
              <a
                class="oak-handle"
                draggable="false"
              >
                <span
                  class="oak-handle-inner"
                >
                  <i
                    class="oak-icons"
                  >
                    add
                  </i>
                </span>
              </a>
            </div>
          </div>
        </div>
      </div>
      <div
        class="oak-foldable-section"
      >
        <div
          class="oak-foldable-section-title"
        >
          Label when expanded
        </div>
        <div
          class="oak-foldable-section-content"
        >
          <div
            class="oak-catalogue"
          >
            <a
              class="oak-handle"
              draggable="false"
            >
              <span
                class="oak-handle-inner"
              >
                <i
                  class="oak-icons"
                >
                  add
                </i>
              </span>
            </a>
          </div>
          <div
            class="oak-element oak-row"
            draggable="false"
            id="1"
          >
            <div
              class="oak-inner"
            >
              <pre
                class="oak-unknown oak-element-content-inner"
              >
                {"type":"row","cols":[],"id":1}
              </pre>
            </div>
            <div
              class="oak-options"
            >
              <a
                class="oak-option oak-remove"
                draggable="false"
                href="#"
              >
                <i
                  class="oak-icons"
                >
                  clear
                </i>
              </a>
              <a
                class="oak-option oak-duplicate"
                draggable="false"
                href="#"
              >
                <i
                  class="oak-icons"
                >
                  content_copy
                </i>
              </a>
              <a
                class="oak-option oak-copy"
                draggable="false"
                href="#"
              >
                <i
                  class="oak-icons"
                >
                  content_paste
                </i>
              </a>
            </div>
          </div>
          <div
            class="oak-element oak-row"
            draggable="false"
            id="2"
          >
            <div
              class="oak-inner"
            >
              <pre
                class="oak-unknown oak-element-content-inner"
              >
                {"type":"row","cols":[],"id":2}
              </pre>
            </div>
            <div
              class="oak-options"
            >
              <a
                class="oak-option oak-remove"
                draggable="false"
                href="#"
              >
                <i
                  class="oak-icons"
                >
                  clear
                </i>
              </a>
              <a
                class="oak-option oak-duplicate"
                draggable="false"
                href="#"
              >
                <i
                  class="oak-icons"
                >
                  content_copy
                </i>
              </a>
              <a
                class="oak-option oak-copy"
                draggable="false"
                href="#"
              >
                <i
                  class="oak-icons"
                >
                  content_paste
                </i>
              </a>
            </div>
          </div>
          <div
            class="oak-element oak-row"
            draggable="false"
            id="3"
          >
            <div
              class="oak-inner"
            >
              <pre
                class="oak-unknown oak-element-content-inner"
              >
                {"type":"row","cols":[],"id":3}
              </pre>
            </div>
            <div
              class="oak-options"
            >
              <a
                class="oak-option oak-remove"
                draggable="false"
                href="#"
              >
                <i
                  class="oak-icons"
                >
                  clear
                </i>
              </a>
              <a
                class="oak-option oak-duplicate"
                draggable="false"
                href="#"
              >
                <i
                  class="oak-icons"
                >
                  content_copy
                </i>
              </a>
              <a
                class="oak-option oak-copy"
                draggable="false"
                href="#"
              >
                <i
                  class="oak-icons"
                >
                  content_paste
                </i>
              </a>
            </div>
          </div>
          <div
            class="oak-element oak-row"
            draggable="false"
            id="4"
          >
            <div
              class="oak-inner"
            >
              <pre
                class="oak-unknown oak-element-content-inner"
              >
                {"type":"row","cols":[],"id":4}
              </pre>
            </div>
            <div
              class="oak-options"
            >
              <a
                class="oak-option oak-remove"
                draggable="false"
                href="#"
              >
                <i
                  class="oak-icons"
                >
                  clear
                </i>
              </a>
              <a
                class="oak-option oak-duplicate"
                draggable="false"
                href="#"
              >
                <i
                  class="oak-icons"
                >
                  content_copy
                </i>
              </a>
              <a
                class="oak-option oak-copy"
                draggable="false"
                href="#"
              >
                <i
                  class="oak-icons"
                >
                  content_paste
                </i>
              </a>
            </div>
          </div>
          <div
            class="oak-catalogue"
          >
            <a
              class="oak-handle"
              draggable="false"
            >
              <span
                class="oak-handle-inner"
              >
                <i
                  class="oak-icons"
                >
                  add
                </i>
              </span>
            </a>
          </div>
        </div>
      </div>
      <div
        class="oak-foldable-section"
      >
        <div
          class="oak-foldable-section-title"
        >
          Content
        </div>
        <div
          class="oak-foldable-section-content"
        >
          <div
            class="oak-foldable-section-content-empty"
          >
            <div
              class="oak-catalogue"
            >
              <a
                class="oak-handle"
                draggable="false"
              >
                <span
                  class="oak-handle-inner"
                >
                  <i
                    class="oak-icons"
                  >
                    add
                  </i>
                </span>
              </a>
            </div>
          </div>
        </div>
      </div>
    </div>
    <div
      class="oak-drop-zone oak-after"
    />
  </div>
</div>
`;
