// Jest Snapshot v1, https://goo.gl/fbAQLP

exports[`<Builder /> should render 1`] = `
<div>
  <div
    class="oak builder"
  >
    <div
      class="elements oak-flex oak-flex-col oak-gap-4"
    >
      <div
        class="add-element oak-flex oak-justify-center"
      >
        <div
          class="catalogue"
        >
          <a
            class="handle oak-inline-flex oak-items-center oak-justify-center"
            draggable="false"
          >
            <i
              class="icon junipero-icons"
            >
              add
            </i>
          </a>
        </div>
      </div>
      <div
        class="oak element oak-flex-none type-title draggable"
        data-element-id="0"
        draggable="true"
      >
        <div
          class="inner oak-flex oak-gap-2 oak-p-4 oak-items-stretch"
        >
          <i
            class="icon junipero-icons"
          >
            title
          </i>
          <div
            class="element-info oak-flex-auto oak-flex oak-flex-col oak-gap-2 oak-justify-between"
          >
            <h6
              class="junipero oak-m-0"
            >
              Title
            </h6>
            <div
              class="element-content oak-flex-auto"
            >
              <h1
                class="junipero oak-m-0 sanitize-html !oak-text-4xl"
              >
                This is a title
              </h1>
            </div>
            <div
              class="props junipero extra !oak-text-alternate-text-color"
            >
              <span
                class="property"
              >
                <span
                  class="key"
                >
                  Type
                  : 
                </span>
                <span
                  class="value"
                >
                  Title 1 (h1)
                </span>
              </span>
            </div>
          </div>
        </div>
        <div
          class="options oak-flex oak-items-center"
        >
          <a
            class="option oak-flex oak-items-center oak-justify-center remove"
            draggable="false"
            href="#"
          >
            <i
              class="icon junipero-icons !oak-text-lg"
            >
              close
            </i>
          </a>
          <a
            class="option oak-flex oak-items-center oak-justify-center duplicate"
            draggable="false"
            href="#"
          >
            <i
              class="icon junipero-icons !oak-text-lg"
            >
              copy
            </i>
          </a>
          <a
            class="option oak-flex oak-items-center oak-justify-center copy"
            draggable="false"
            href="#"
          >
            <i
              class="icon junipero-icons !oak-text-lg"
            >
              copy_file
            </i>
          </a>
          <a
            class="option oak-flex oak-items-center oak-justify-center oak-edit"
            draggable="false"
            href="#"
          >
            <i
              class="icon junipero-icons !oak-text-lg"
            >
              pen
            </i>
          </a>
        </div>
      </div>
      <div
        class="oak element oak-flex-none type-text draggable"
        data-element-id="1"
        draggable="true"
      >
        <div
          class="inner oak-flex oak-gap-2 oak-p-4 oak-items-stretch"
        >
          <i
            class="icon junipero-icons"
          >
            multiline
          </i>
          <div
            class="element-info oak-flex-auto oak-flex oak-flex-col oak-gap-2 oak-justify-between"
          >
            <h6
              class="junipero oak-m-0"
            >
              Text
            </h6>
            <div
              class="element-content oak-flex-auto"
            >
              <div
                class="junipero sanitize-html"
              >
                This is a text
              </div>
            </div>
          </div>
        </div>
        <div
          class="options oak-flex oak-items-center"
        >
          <a
            class="option oak-flex oak-items-center oak-justify-center remove"
            draggable="false"
            href="#"
          >
            <i
              class="icon junipero-icons !oak-text-lg"
            >
              close
            </i>
          </a>
          <a
            class="option oak-flex oak-items-center oak-justify-center duplicate"
            draggable="false"
            href="#"
          >
            <i
              class="icon junipero-icons !oak-text-lg"
            >
              copy
            </i>
          </a>
          <a
            class="option oak-flex oak-items-center oak-justify-center copy"
            draggable="false"
            href="#"
          >
            <i
              class="icon junipero-icons !oak-text-lg"
            >
              copy_file
            </i>
          </a>
          <a
            class="option oak-flex oak-items-center oak-justify-center oak-edit"
            draggable="false"
            href="#"
          >
            <i
              class="icon junipero-icons !oak-text-lg"
            >
              pen
            </i>
          </a>
        </div>
      </div>
      <div
        class="add-element oak-flex oak-justify-center"
      >
        <div
          class="catalogue"
        >
          <a
            class="handle oak-inline-flex oak-items-center oak-justify-center"
            draggable="false"
          >
            <i
              class="icon junipero-icons"
            >
              add
            </i>
          </a>
        </div>
      </div>
    </div>
    <div
      class="floatings"
    />
  </div>
</div>
`;
